Archive member included to satisfy reference by file (symbol)

libapp.a(atoi.c.obj)          (--whole-archive)
libapp.a(strtol.c.obj)        (--whole-archive)
libapp.a(strtoul.c.obj)       (--whole-archive)
libapp.a(strncasecmp.c.obj)   (--whole-archive)
libapp.a(strstr.c.obj)        (--whole-archive)
libapp.a(string.c.obj)        (--whole-archive)
libapp.a(prf.c.obj)           (--whole-archive)
libapp.a(stdout_console.c.obj)
                              (--whole-archive)
libapp.a(sprintf.c.obj)       (--whole-archive)
libapp.a(fprintf.c.obj)       (--whole-archive)
libapp.a(main.c.obj)          (--whole-archive)
zephyr/libzephyr.a(isr_tables.c.obj)
                              (--whole-archive)
zephyr/libzephyr.a(soc.c.obj)
                              (--whole-archive)
zephyr/libzephyr.a(soc_config.c.obj)
                              (--whole-archive)
zephyr/libzephyr.a(thread_entry.c.obj)
                              (--whole-archive)
zephyr/libzephyr.a(crc16_sw.c.obj)
                              (--whole-archive)
zephyr/libzephyr.a(crc8_sw.c.obj)
                              (--whole-archive)
zephyr/libzephyr.a(mempool.c.obj)
                              (--whole-archive)
zephyr/libzephyr.a(rb.c.obj)  (--whole-archive)
zephyr/libzephyr.a(printk.c.obj)
                              (--whole-archive)
zephyr/libzephyr.a(configs.c.obj)
                              (--whole-archive)
zephyr/libzephyr.a(uart_console.c.obj)
                              (--whole-archive)
zephyr/libzephyr.a(sys_clock_init.c.obj)
                              (--whole-archive)
zephyr/libzephyr.a(cortex_m_systick.c.obj)
                              (--whole-archive)
zephyr/arch/arm/core/libarch__arm__core.a(exc_exit.S.obj)
                              (--whole-archive)
zephyr/arch/arm/core/libarch__arm__core.a(irq_init.c.obj)
                              (--whole-archive)
zephyr/arch/arm/core/libarch__arm__core.a(swap.c.obj)
                              (--whole-archive)
zephyr/arch/arm/core/libarch__arm__core.a(swap_helper.S.obj)
                              (--whole-archive)
zephyr/arch/arm/core/libarch__arm__core.a(fault.c.obj)
                              (--whole-archive)
zephyr/arch/arm/core/libarch__arm__core.a(irq_manage.c.obj)
                              (--whole-archive)
zephyr/arch/arm/core/libarch__arm__core.a(thread.c.obj)
                              (--whole-archive)
zephyr/arch/arm/core/libarch__arm__core.a(cpu_idle.S.obj)
                              (--whole-archive)
zephyr/arch/arm/core/libarch__arm__core.a(fault_s.S.obj)
                              (--whole-archive)
zephyr/arch/arm/core/libarch__arm__core.a(fatal.c.obj)
                              (--whole-archive)
zephyr/arch/arm/core/libarch__arm__core.a(sys_fatal_error_handler.c.obj)
                              (--whole-archive)
zephyr/arch/arm/core/libarch__arm__core.a(thread_abort.c.obj)
                              (--whole-archive)
zephyr/arch/arm/core/libarch__arm__core.a(isr_wrapper.S.obj)
                              (--whole-archive)
zephyr/arch/arm/core/cortex_m/libarch__arm__core__cortex_m.a(vector_table.S.obj)
                              (--whole-archive)
zephyr/arch/arm/core/cortex_m/libarch__arm__core__cortex_m.a(reset.S.obj)
                              (--whole-archive)
zephyr/arch/arm/core/cortex_m/libarch__arm__core__cortex_m.a(nmi_on_reset.S.obj)
                              (--whole-archive)
zephyr/arch/arm/core/cortex_m/libarch__arm__core__cortex_m.a(prep_c.c.obj)
                              (--whole-archive)
zephyr/arch/arm/core/cortex_m/libarch__arm__core__cortex_m.a(scb.c.obj)
                              (--whole-archive)
zephyr/arch/arm/core/cortex_m/libarch__arm__core__cortex_m.a(nmi.c.obj)
                              (--whole-archive)
zephyr/arch/arm/core/cortex_m/libarch__arm__core__cortex_m.a(exc_manage.c.obj)
                              (--whole-archive)
zephyr/drivers/serial/libdrivers__serial.a(uart_stellaris.c.obj)
                              (--whole-archive)
zephyr/kernel/libkernel.a(device.c.obj)
                              zephyr/libzephyr.a(uart_console.c.obj) (device_get_binding)
zephyr/kernel/libkernel.a(errno.c.obj)
                              libapp.a(strtol.c.obj) (__errno)
zephyr/kernel/libkernel.a(init.c.obj)
                              zephyr/arch/arm/core/cortex_m/libarch__arm__core__cortex_m.a(prep_c.c.obj) (_bss_zero)
zephyr/kernel/libkernel.a(mutex.c.obj)
                              zephyr/libzephyr.a(mempool.c.obj) (_impl_k_mutex_lock)
zephyr/kernel/libkernel.a(sched.c.obj)
                              zephyr/arch/arm/core/libarch__arm__core.a(exc_exit.S.obj) (_kernel)
zephyr/kernel/libkernel.a(sys_clock.c.obj)
                              zephyr/libzephyr.a(cortex_m_systick.c.obj) (_nano_sys_clock_tick_announce)
zephyr/kernel/libkernel.a(thread.c.obj)
[...]
Memory Configuration

Name             Origin             Length             Attributes
FLASH            0x0000000000000000 0x0000000000040000 xr
SRAM             0x0000000020000000 0x0000000000010000 xw
IDT_LIST         0x0000000020010000 0x0000000000000800 xw
*default*        0x0000000000000000 0xffffffffffffffff

Linker script and memory map

LOAD zephyr/CMakeFiles/kernel_elf.dir/misc/empty_file.c.obj
LOAD zephyr/CMakeFiles/kernel_elf.dir/isr_tables.c.obj
START GROUP
LOAD libapp.a
LOAD zephyr/libzephyr.a
LOAD zephyr/arch/arm/core/libarch__arm__core.a
LOAD zephyr/arch/arm/core/cortex_m/libarch__arm__core__cortex_m.a
LOAD zephyr/drivers/serial/libdrivers__serial.a
LOAD zephyr/kernel/libkernel.a
LOAD zephyr/CMakeFiles/offsets.dir/arch/arm/core/offsets/offsets.c.obj
END GROUP
LOAD /opt/zephyr-sdk/sysroots/armv5-zephyr-eabi/usr/lib/arm-zephyr-eabi/6.2.0/armv7-m/libgcc.a
                0x0000000000000000                _image_rom_start = 0x0

text            0x0000000000000000     0x14e2
                0x0000000000000000                . = 0x0
                0x0000000000000000                _vector_start = .
 *(.exc_vector_table)
 *(.exc_vector_table.*)
 .exc_vector_table._vector_table_section
                0x0000000000000000       0x40 zephyr/arch/arm/core/cortex_m/libarch__arm__core__cortex_m.a(vector_table.S.obj)
                0x0000000000000000                _vector_table
 *(.gnu.linkonce.irq_vector_table)
 .gnu.linkonce.irq_vector_table
                0x0000000000000040       0x88 zephyr/CMakeFiles/kernel_elf.dir/isr_tables.c.obj
                0x0000000000000040                _irq_vector_table
 *(.openocd_dbg)
 *(.openocd_dbg.*)
 *(.kinetis_flash_config)
 *(.kinetis_flash_config.*)
 *(.gnu.linkonce.sw_isr_table)
 .gnu.linkonce.sw_isr_table
                0x00000000000000c8      0x110 zephyr/CMakeFiles/kernel_elf.dir/isr_tables.c.obj
                0x00000000000000c8                _sw_isr_table
                0x00000000000001d8                _vector_end = .
                0x00000000000001d8                _image_text_start = .
 *(.text)
 *(.text.*)
 .text.strcmp   0x00000000000001d8       0x1a libapp.a(string.c.obj)
                0x00000000000001d8                strcmp
 .text.memcpy   0x00000000000001f2       0x58 libapp.a(string.c.obj)
                0x00000000000001f2                memcpy
 .text.memset   0x000000000000024a       0x46 libapp.a(string.c.obj)
                0x000000000000024a                memset
 .text.main     0x0000000000000290       0x10 libapp.a(main.c.obj)
                0x0000000000000290                main
 .text.ti_lm3s6965_init
                0x00000000000002a0        0x4 zephyr/libzephyr.a(soc.c.obj)
 .text.uart_stellaris_init
                0x00000000000002a4       0x24 zephyr/libzephyr.a(soc_config.c.obj)
 .text._thread_entry
                0x00000000000002c8       0x14 zephyr/libzephyr.a(thread_entry.c.obj)
                0x00000000000002c8                _thread_entry
 .text._nop_char_out
                0x00000000000002dc        0x4 zephyr/libzephyr.a(printk.c.obj)
 .text.char_out
                0x00000000000002e0       0x10 zephyr/libzephyr.a(printk.c.obj)
 .text._printk_dec_ulong
                0x00000000000002f0       0x9c zephyr/libzephyr.a(printk.c.obj)
 .text.__printk_hook_install
                0x000000000000038c        0xc zephyr/libzephyr.a(printk.c.obj)
                0x000000000000038c                __printk_hook_install
 .text._vprintk
                0x0000000000000398      0x25c zephyr/libzephyr.a(printk.c.obj)
                0x0000000000000398                _vprintk
 .text.vprintk  0x00000000000005f4       0x20 zephyr/libzephyr.a(printk.c.obj)
                0x00000000000005f4                vprintk
 .text.printk   0x0000000000000614       0x1a zephyr/libzephyr.a(printk.c.obj)
                0x0000000000000614                printk
 .text._ConfigAbsSyms
                0x000000000000062e        0x2 zephyr/libzephyr.a(configs.c.obj)
                0x000000000000062e                _ConfigAbsSyms
 .text.console_out
                0x0000000000000630       0x28 zephyr/libzephyr.a(uart_console.c.obj)
 .text.uart_console_hook_install
                0x0000000000000658        0xc zephyr/libzephyr.a(uart_console.c.obj)
                0x0000000000000658                uart_console_hook_install
 .text.uart_console_init
                0x0000000000000664       0x1c zephyr/libzephyr.a(uart_console.c.obj)
 .text._timer_int_handler
                0x0000000000000680       0x2c zephyr/libzephyr.a(cortex_m_systick.c.obj)
                0x0000000000000680                _timer_int_handler
 .text._sys_clock_driver_init
                0x00000000000006ac       0x2c zephyr/libzephyr.a(cortex_m_systick.c.obj)
                0x00000000000006ac                _sys_clock_driver_init
 .text._HandlerModeExit
                0x00000000000006d8       0x28 zephyr/arch/arm/core/libarch__arm__core.a(exc_exit.S.obj)
                0x00000000000006d8                _ExcExit
                0x00000000000006d8                _IntExit
 .text._IntLibInit
                0x0000000000000700       0x18 zephyr/arch/arm/core/libarch__arm__core.a(irq_init.c.obj)
                0x0000000000000700                _IntLibInit
 .text.__swap   0x0000000000000718       0x30 zephyr/arch/arm/core/libarch__arm__core.a(swap.c.obj)
                0x0000000000000718                __swap
 .text.__pendsv
                0x0000000000000748       0x44 zephyr/arch/arm/core/libarch__arm__core.a(swap_helper.S.obj)
                0x0000000000000748                __pendsv
 .text.__svc    0x000000000000078c       0x24 zephyr/arch/arm/core/libarch__arm__core.a(swap_helper.S.obj)
                0x000000000000078c                __svc
 .text._FaultThreadShow.isra.2
                0x00000000000007b0       0x1c zephyr/arch/arm/core/libarch__arm__core.a(fault.c.obj)
 .text._MpuFault
                0x00000000000007cc       0x80 zephyr/arch/arm/core/libarch__arm__core.a(fault.c.obj)
 .text._UsageFault
                0x000000000000084c       0x90 zephyr/arch/arm/core/libarch__arm__core.a(fault.c.obj)
 .text._BusFault
                0x00000000000008dc       0x94 zephyr/arch/arm/core/libarch__arm__core.a(fault.c.obj)
 .text._Fault   0x0000000000000970       0xcc zephyr/arch/arm/core/libarch__arm__core.a(fault.c.obj)
                0x0000000000000970                _Fault
 .text._FaultInit
                0x0000000000000a3c       0x10 zephyr/arch/arm/core/libarch__arm__core.a(fault.c.obj)
                0x0000000000000a3c                _FaultInit
 .text._irq_spurious
                0x0000000000000a4c        0x4 zephyr/arch/arm/core/libarch__arm__core.a(irq_manage.c.obj)
                0x0000000000000a4c                _irq_spurious
 .text._new_thread
                0x0000000000000a50       0x4c zephyr/arch/arm/core/libarch__arm__core.a(thread.c.obj)
                0x0000000000000a50                _new_thread
 .text._CpuIdleInit
                0x0000000000000a9c        0xc zephyr/arch/arm/core/libarch__arm__core.a(cpu_idle.S.obj)
                0x0000000000000a9c                _CpuIdleInit
 .text.k_cpu_idle
                0x0000000000000aa8        0xc zephyr/arch/arm/core/libarch__arm__core.a(cpu_idle.S.obj)
                0x0000000000000aa8                k_cpu_idle
 .text.__fault  0x0000000000000ab4       0x28 zephyr/arch/arm/core/libarch__arm__core.a(fault_s.S.obj)
                0x0000000000000ab4                __usage_fault
                0x0000000000000ab4                __reserved
                0x0000000000000ab4                __bus_fault
                0x0000000000000ab4                __debug_monitor
                0x0000000000000ab4                __mpu_fault
                0x0000000000000ab4                __hard_fault
 .text._NanoFatalErrorHandler
                0x0000000000000adc       0x58 zephyr/arch/arm/core/libarch__arm__core.a(fatal.c.obj)
                0x0000000000000adc                _NanoFatalErrorHandler
 .text._do_kernel_oops
                0x0000000000000b34        0x8 zephyr/arch/arm/core/libarch__arm__core.a(fatal.c.obj)
                0x0000000000000b34                _do_kernel_oops
 .text._SysFatalErrorHandler
                0x0000000000000b3c       0x58 zephyr/arch/arm/core/libarch__arm__core.a(sys_fatal_error_handler.c.obj)
                0x0000000000000b3c                _SysFatalErrorHandler
 .text._impl_k_thread_abort
                0x0000000000000b94       0x4c zephyr/arch/arm/core/libarch__arm__core.a(thread_abort.c.obj)
                0x0000000000000b94                _impl_k_thread_abort
 .text._isr_wrapper
                0x0000000000000be0       0x24 zephyr/arch/arm/core/libarch__arm__core.a(isr_wrapper.S.obj)
                0x0000000000000be0                _isr_wrapper
 .text._reset_section
                0x0000000000000c04       0x24 zephyr/arch/arm/core/cortex_m/libarch__arm__core__cortex_m.a(reset.S.obj)
                0x0000000000000c04                __reset
                0x0000000000000c04                __start
 .text._SysNmiOnReset
                0x0000000000000c28        0x8 zephyr/arch/arm/core/cortex_m/libarch__arm__core__cortex_m.a(nmi_on_reset.S.obj)
                0x0000000000000c28                _SysNmiOnReset
 .text._PrepC   0x0000000000000c30       0x2c zephyr/arch/arm/core/cortex_m/libarch__arm__core__cortex_m.a(prep_c.c.obj)
                0x0000000000000c30                _PrepC
 .text.__nmi    0x0000000000000c5c        0xe zephyr/arch/arm/core/cortex_m/libarch__arm__core__cortex_m.a(nmi.c.obj)
                0x0000000000000c5c                __nmi
 .text.uart_stellaris_poll_in
                0x0000000000000c6a       0x18 zephyr/drivers/serial/libdrivers__serial.a(uart_stellaris.c.obj)
 .text.uart_stellaris_init
                0x0000000000000c82       0x52 zephyr/drivers/serial/libdrivers__serial.a(uart_stellaris.c.obj)
 .text.uart_stellaris_poll_out
                0x0000000000000cd4       0x12 zephyr/drivers/serial/libdrivers__serial.a(uart_stellaris.c.obj)
 *fill*         0x0000000000000ce6        0x2 
 .text._sys_device_do_config_level
                0x0000000000000ce8       0x28 zephyr/kernel/libkernel.a(device.c.obj)
                0x0000000000000ce8                _sys_device_do_config_level
 .text.device_get_binding
                0x0000000000000d10       0x4c zephyr/kernel/libkernel.a(device.c.obj)
                0x0000000000000d10                device_get_binding
 .text._bss_zero
                0x0000000000000d5c       0x14 zephyr/kernel/libkernel.a(init.c.obj)
                0x0000000000000d5c                _bss_zero
 .text._data_copy
                0x0000000000000d70       0x18 zephyr/kernel/libkernel.a(init.c.obj)
                0x0000000000000d70                _data_copy
 .text.bg_thread_main
                0x0000000000000d88       0x30 zephyr/kernel/libkernel.a(init.c.obj)
 .text._Cstart  0x0000000000000db8       0xfc zephyr/kernel/libkernel.a(init.c.obj)
                0x0000000000000db8                _Cstart
 .text.sys_dlist_remove
                0x0000000000000eb4        0xc zephyr/kernel/libkernel.a(sched.c.obj)
 .text.k_spin_lock.isra.11
                0x0000000000000ec0        0xe zephyr/kernel/libkernel.a(sched.c.obj)
 *fill*         0x0000000000000ece        0x2 
 .text.update_cache
                0x0000000000000ed0       0x40 zephyr/kernel/libkernel.a(sched.c.obj)
 .text._remove_thread_from_ready_q
                0x0000000000000f10       0x38 zephyr/kernel/libkernel.a(sched.c.obj)
                0x0000000000000f10                _remove_thread_from_ready_q
 .text._unpend_thread_no_timeout
                0x0000000000000f48       0x1e zephyr/kernel/libkernel.a(sched.c.obj)
                0x0000000000000f48                _unpend_thread_no_timeout
 *fill*         0x0000000000000f66        0x2 
 .text._reschedule
                0x0000000000000f68       0x30 zephyr/kernel/libkernel.a(sched.c.obj)
                0x0000000000000f68                _reschedule
 .text.k_sched_unlock
                0x0000000000000f98       0x34 zephyr/kernel/libkernel.a(sched.c.obj)
                0x0000000000000f98                k_sched_unlock
 .text._priq_dumb_add
                0x0000000000000fcc       0x40 zephyr/kernel/libkernel.a(sched.c.obj)
                0x0000000000000fcc                _priq_dumb_add
 .text._add_thread_to_ready_q
                0x000000000000100c       0x2c zephyr/kernel/libkernel.a(sched.c.obj)
                0x000000000000100c                _add_thread_to_ready_q
 .text._move_thread_to_end_of_prio_q
                0x0000000000001038       0x30 zephyr/kernel/libkernel.a(sched.c.obj)
                0x0000000000001038                _move_thread_to_end_of_prio_q
 .text._is_thread_time_slicing
                0x0000000000001068       0x5c zephyr/kernel/libkernel.a(sched.c.obj)
                0x0000000000001068                _is_thread_time_slicing
 .text._update_time_slice_before_swap
                0x00000000000010c4        0xc zephyr/kernel/libkernel.a(sched.c.obj)
                0x00000000000010c4                _update_time_slice_before_swap
 .text._sched_init
                0x00000000000010d0       0x10 zephyr/kernel/libkernel.a(sched.c.obj)
                0x00000000000010d0                _sched_init
 .text._impl_k_current_get
                0x00000000000010e0        0xc zephyr/kernel/libkernel.a(sched.c.obj)
                0x00000000000010e0                _impl_k_current_get
 .text._nano_sys_clock_tick_announce
                0x00000000000010ec      0x1b0 zephyr/kernel/libkernel.a(sys_clock.c.obj)
                0x00000000000010ec                _nano_sys_clock_tick_announce
 .text._abort_timeout
                0x000000000000129c       0x34 zephyr/kernel/libkernel.a(thread.c.obj)
 .text._ready_thread
                0x00000000000012d0       0x12 zephyr/kernel/libkernel.a(thread.c.obj)
 *fill*         0x00000000000012e2        0x2 
 .text.schedule_new_thread.part.11
                0x00000000000012e4       0x78 zephyr/kernel/libkernel.a(thread.c.obj)
 .text.k_is_in_isr
                0x000000000000135c        0xe zephyr/kernel/libkernel.a(thread.c.obj)
                0x000000000000135c                k_is_in_isr
 *fill*         0x000000000000136a        0x2 
 .text._is_thread_essential
                0x000000000000136c       0x10 zephyr/kernel/libkernel.a(thread.c.obj)
                0x000000000000136c                _is_thread_essential
 .text._impl_k_thread_start
                0x000000000000137c       0x2e zephyr/kernel/libkernel.a(thread.c.obj)
                0x000000000000137c                _impl_k_thread_start
 *fill*         0x00000000000013aa        0x2 
 .text._setup_new_thread
                0x00000000000013ac       0x34 zephyr/kernel/libkernel.a(thread.c.obj)
                0x00000000000013ac                _setup_new_thread
 .text._k_thread_single_abort
                0x00000000000013e0       0x40 zephyr/kernel/libkernel.a(thread.c.obj)
                0x00000000000013e0                _k_thread_single_abort
 .text._init_static_threads
                0x0000000000001420       0x94 zephyr/kernel/libkernel.a(thread.c.obj)
                0x0000000000001420                _init_static_threads
 .text._init_thread_base
                0x00000000000014b4       0x18 zephyr/kernel/libkernel.a(thread.c.obj)
                0x00000000000014b4                _init_thread_base
 .text.idle     0x00000000000014cc       0x14 zephyr/kernel/libkernel.a(idle.c.obj)
                0x00000000000014cc                idle
 .text._OffsetAbsSyms
                0x00000000000014e0        0x2 zephyr/CMakeFiles/offsets.dir/arch/arm/core/offsets/offsets.c.obj
                0x00000000000014e0                _OffsetAbsSyms
 *(.gnu.linkonce.t.*)
                0x00000000000014e2                _image_text_end = .

.glue_7         0x00000000000014e4        0x0
 .glue_7        0x00000000000014e4        0x0 linker stubs

.glue_7t        0x00000000000014e4        0x0
 .glue_7t       0x00000000000014e4        0x0 linker stubs

.vfp11_veneer   0x00000000000014e4        0x0
 .vfp11_veneer  0x00000000000014e4        0x0 linker stubs

.v4_bx          0x00000000000014e4        0x0
 .v4_bx         0x00000000000014e4        0x0 linker stubs

.iplt           0x00000000000014e4        0x0
 .iplt          0x00000000000014e4        0x0 zephyr/CMakeFiles/kernel_elf.dir/isr_tables.c.obj

.igot.plt       0x00000000000014e4        0x0
 .igot.plt      0x00000000000014e4        0x0 zephyr/CMakeFiles/kernel_elf.dir/isr_tables.c.obj

.ARM.exidx      0x00000000000014e2        0x0
                0x00000000000014e2                __exidx_start = .
 *(.ARM.exidx* gnu.linkonce.armexidx.*)
                0x00000000000014e2                __exidx_end = .
                0x00000000000014e2                _image_rodata_start = .

devconfig       0x00000000000014e4       0x54
                0x00000000000014e4                __devconfig_start = .
 *(.devconfig.*)
 .devconfig.init
                0x00000000000014e4        0xc zephyr/libzephyr.a(soc.c.obj)
 .devconfig.init
                0x00000000000014f0        0xc zephyr/libzephyr.a(soc_config.c.obj)
 .devconfig.init
                0x00000000000014fc        0xc zephyr/libzephyr.a(uart_console.c.obj)
 .devconfig.init
                0x0000000000001508        0xc zephyr/libzephyr.a(sys_clock_init.c.obj)
 .devconfig.init
                0x0000000000001514       0x24 zephyr/drivers/serial/libdrivers__serial.a(uart_stellaris.c.obj)
 *(SORT(.devconfig*))
                0x0000000000001538                __devconfig_end = .

net_l2          0x0000000000001538        0x0
                0x0000000000001538                __net_l2_start = .
 *(.net_l2.init)
 *(SORT(.net_l2.init*))
                0x0000000000001538                __net_l2_end = .

rodata          0x0000000000001538      0x48c
 *(.rodata)
 *(.rodata.*)
 .rodata.main.str1.1
                0x0000000000001538       0x15 libapp.a(main.c.obj)
 .rodata.str1.1
                0x000000000000154d       0x15 zephyr/libzephyr.a(soc.c.obj)
                                          0x1 (size before relaxing)
 .rodata.str1.1
                0x000000000000154d        0x1 zephyr/libzephyr.a(soc_config.c.obj)
 .rodata.str1.1
                0x000000000000154d        0x1 zephyr/libzephyr.a(uart_console.c.obj)
 .rodata.uart_console_init.str1.1
                0x000000000000154d        0x7 zephyr/libzephyr.a(uart_console.c.obj)
 .rodata.str1.1
                0x0000000000001554        0xa zephyr/libzephyr.a(sys_clock_init.c.obj)
 .rodata._BusFault.str1.1
                0x000000000000155e       0x66 zephyr/arch/arm/core/libarch__arm__core.a(fault.c.obj)
 .rodata._Fault.str1.1
                0x00000000000015c4       0xd3 zephyr/arch/arm/core/libarch__arm__core.a(fault.c.obj)
 .rodata._FaultThreadShow.isra.2.str1.1
                0x0000000000001697       0x4a zephyr/arch/arm/core/libarch__arm__core.a(fault.c.obj)
 .rodata._MpuFault.str1.1
                0x00000000000016e1       0x87 zephyr/arch/arm/core/libarch__arm__core.a(fault.c.obj)
 .rodata._UsageFault.str1.1
                0x0000000000001768       0xd4 zephyr/arch/arm/core/libarch__arm__core.a(fault.c.obj)
 .rodata._NanoFatalErrorHandler.str1.1
                0x000000000000183c       0xba zephyr/arch/arm/core/libarch__arm__core.a(fatal.c.obj)
 .rodata._SysFatalErrorHandler.str1.1
                0x00000000000018f6       0x5a zephyr/arch/arm/core/libarch__arm__core.a(sys_fatal_error_handler.c.obj)
 .rodata.str1.1
                0x0000000000001950        0xe zephyr/drivers/serial/libdrivers__serial.a(uart_stellaris.c.obj)
                                         0x15 (size before relaxing)
 *fill*         0x000000000000195e        0x2 
 .rodata.uart_stellaris_dev_cfg_0
                0x0000000000001960        0x8 zephyr/drivers/serial/libdrivers__serial.a(uart_stellaris.c.obj)
 .rodata.uart_stellaris_dev_cfg_2
                0x0000000000001968        0x8 zephyr/drivers/serial/libdrivers__serial.a(uart_stellaris.c.obj)
 .rodata.uart_stellaris_driver_api
                0x0000000000001970        0xc zephyr/drivers/serial/libdrivers__serial.a(uart_stellaris.c.obj)
 .rodata.config_levels
                0x000000000000197c       0x14 zephyr/kernel/libkernel.a(device.c.obj)
 .rodata._k_neg_eagain
                0x0000000000001990        0x4 zephyr/kernel/libkernel.a(errno.c.obj)
                0x0000000000001990                _k_neg_eagain
 .rodata._idle_thread
                0x0000000000001994        0x4 zephyr/kernel/libkernel.a(init.c.obj)
                0x0000000000001994                _idle_thread
 .rodata.bg_thread_main.str1.1
                0x0000000000001998       0x2b zephyr/kernel/libkernel.a(init.c.obj)
 *(.gnu.linkonce.r.*)
                0x00000000000019c4                . = ALIGN (0x4)
 *fill*         0x00000000000019c3        0x1 
                0x00000000000019c4                _image_rodata_end = .
                0x00000000000019c4                _image_rom_end = .

.rel.dyn        0x00000000000019c4        0x0
 .rel.iplt      0x00000000000019c4        0x0 zephyr/CMakeFiles/kernel_elf.dir/isr_tables.c.obj

bss             0x0000000020000000      0x118
                0x0000000020000000                . = ALIGN (0x4)
                0x0000000020000000                __bss_start = .
                0x0000000020000000                _image_ram_start = .
                0x0000000020000000                __kernel_ram_start = .
 *(.bss)
 *(.bss.*)
 .bss.uart_console_dev
                0x0000000020000000        0x4 zephyr/libzephyr.a(uart_console.c.obj)
 .bss.clock_accumulated_count
                0x0000000020000004        0x4 zephyr/libzephyr.a(cortex_m_systick.c.obj)
 .bss._idle_thread_s
                0x0000000020000008       0x68 zephyr/kernel/libkernel.a(init.c.obj)
 .bss._main_thread_s
                0x0000000020000070       0x68 zephyr/kernel/libkernel.a(init.c.obj)
 .bss._time_slice_duration
                0x00000000200000d8        0x4 zephyr/kernel/libkernel.a(sys_clock.c.obj)
                0x00000000200000d8                _time_slice_duration
 .bss._time_slice_prio_ceiling
                0x00000000200000dc        0x4 zephyr/kernel/libkernel.a(sys_clock.c.obj)
                0x00000000200000dc                _time_slice_prio_ceiling
 *(COMMON)
 COMMON         0x00000000200000e0       0x28 zephyr/kernel/libkernel.a(sched.c.obj)
                0x00000000200000e0                _kernel
 COMMON         0x0000000020000108       0x10 zephyr/kernel/libkernel.a(sys_clock.c.obj)
                0x0000000020000108                _handling_timeouts
                0x000000002000010c                _time_slice_elapsed
                0x0000000020000110                _sys_clock_tick_count
 *(.kernel_bss.*)
                0x0000000020000118                __bss_end = ALIGN (0x4)

noinit          0x0000000020000118      0xd00
 *(.noinit)
 *(.noinit.*)
 .noinit."/home/otto/Documents/zephyr/kernel/init.c".1
                0x0000000020000118      0x400 zephyr/kernel/libkernel.a(init.c.obj)
                0x0000000020000118                _main_stack
 .noinit."/home/otto/Documents/zephyr/kernel/init.c".2
                0x0000000020000518      0x100 zephyr/kernel/libkernel.a(init.c.obj)
                0x0000000020000518                _idle_stack
 .noinit."/home/otto/Documents/zephyr/kernel/init.c".3
                0x0000000020000618      0x800 zephyr/kernel/libkernel.a(init.c.obj)
                0x0000000020000618                _interrupt_stack
 *(.kernel_noinit.*)

datas           0x0000000020000e18       0x20 load address 0x00000000000019c4
                0x0000000020000e18                __data_ram_start = .
 *(.data)
 *(.data.*)
 .data._char_out
                0x0000000020000e18        0x4 zephyr/libzephyr.a(printk.c.obj)
 .data.uart_stellaris_dev_cfg_1
                0x0000000020000e1c        0x8 zephyr/drivers/serial/libdrivers__serial.a(uart_stellaris.c.obj)
 .data.uart_stellaris_dev_data_0
                0x0000000020000e24        0x4 zephyr/drivers/serial/libdrivers__serial.a(uart_stellaris.c.obj)
 .data.uart_stellaris_dev_data_1
                0x0000000020000e28        0x4 zephyr/drivers/serial/libdrivers__serial.a(uart_stellaris.c.obj)
 .data.uart_stellaris_dev_data_2
                0x0000000020000e2c        0x4 zephyr/drivers/serial/libdrivers__serial.a(uart_stellaris.c.obj)
 .data._sys_idle_elapsed_ticks
                0x0000000020000e30        0x4 zephyr/kernel/libkernel.a(sys_clock.c.obj)
                0x0000000020000e30                _sys_idle_elapsed_ticks
 .data.sys_clock_hw_cycles_per_tick
                0x0000000020000e34        0x4 zephyr/kernel/libkernel.a(sys_clock.c.obj)
                0x0000000020000e34                sys_clock_hw_cycles_per_tick
 *(.kernel.*)
                0x00000000000019c4                __data_rom_start = LOADADDR (datas)

initlevel       0x0000000020000e38       0x54 load address 0x00000000000019e4
                0x0000000020000e38                __device_init_start = .
                0x0000000020000e38                __device_PRE_KERNEL_1_start = .
 *(SORT(.init_PRE_KERNEL_1[0-9]))
 *(SORT(.init_PRE_KERNEL_1[1-9][0-9]))
 .init_PRE_KERNEL_140
                0x0000000020000e38        0xc zephyr/libzephyr.a(soc.c.obj)
 .init_PRE_KERNEL_150
                0x0000000020000e44        0xc zephyr/libzephyr.a(soc_config.c.obj)
 .init_PRE_KERNEL_150
                0x0000000020000e50       0x24 zephyr/drivers/serial/libdrivers__serial.a(uart_stellaris.c.obj)
 .init_PRE_KERNEL_160
                0x0000000020000e74        0xc zephyr/libzephyr.a(uart_console.c.obj)
                0x0000000020000e80                __device_PRE_KERNEL_2_start = .
 *(SORT(.init_PRE_KERNEL_2[0-9]))
 .init_PRE_KERNEL_20
                0x0000000020000e80        0xc zephyr/libzephyr.a(sys_clock_init.c.obj)
 *(SORT(.init_PRE_KERNEL_2[1-9][0-9]))
                0x0000000020000e8c                __device_POST_KERNEL_start = .
 *(SORT(.init_POST_KERNEL[0-9]))
 *(SORT(.init_POST_KERNEL[1-9][0-9]))
                0x0000000020000e8c                __device_APPLICATION_start = .
 *(SORT(.init_APPLICATION[0-9]))
 *(SORT(.init_APPLICATION[1-9][0-9]))
                0x0000000020000e8c                __device_init_end = .

initlevel_error
                0x0000000020000e38        0x0
 *(SORT(.init_[_A-Z0-9]*))
                0x0000000000000001                ASSERT ((SIZEOF (initlevel_error) == 0x0), Undefined initialization levels used.)

initshell       0x0000000020000e8c        0x0 load address 0x0000000000001a38
                0x0000000020000e8c                __shell_module_start = .
 *(.shell_module_*)
                0x0000000020000e8c                __shell_module_end = .
                0x0000000020000e8c                __shell_cmd_start = .
 *(.shell_cmd_*)
                0x0000000020000e8c                __shell_cmd_end = .

_static_thread_area
                0x0000000020000e8c        0x0 load address 0x0000000000001a38
                0x0000000020000e8c                _static_thread_data_list_start = .
 *(SORT(._static_thread_data.static.*))
                0x0000000020000e8c                _static_thread_data_list_end = .

_k_timer_area   0x0000000020000e8c        0x0 load address 0x0000000000001a38
                0x0000000020000e8c                _k_timer_list_start = .
 *(SORT(._k_timer.static.*))
                0x0000000020000e8c                _k_timer_list_end = .

_k_mem_slab_area
                0x0000000020000e8c        0x0 load address 0x0000000000001a38
                0x0000000020000e8c                _k_mem_slab_list_start = .
 *(SORT(._k_mem_slab.static.*))
                0x0000000020000e8c                _k_mem_slab_list_end = .

_k_mem_pool_area
                0x0000000020000e8c        0x0 load address 0x0000000000001a38
 *(SORT(._k_memory_pool.struct*))
                0x0000000020000e8c                _k_mem_pool_list_start = .
 *(SORT(._k_mem_pool.static.*))
                0x0000000020000e8c                _k_mem_pool_list_end = .

_k_sem_area     0x0000000020000e8c        0x0 load address 0x0000000000001a38
                0x0000000020000e8c                _k_sem_list_start = .
 *(SORT(._k_sem.static.*))
                0x0000000020000e8c                _k_sem_list_end = .

_k_mutex_area   0x0000000020000e8c        0x0 load address 0x0000000000001a38
                0x0000000020000e8c                _k_mutex_list_start = .
 *(SORT(._k_mutex.static.*))
                0x0000000020000e8c                _k_mutex_list_end = .

_k_alert_area   0x0000000020000e8c        0x0 load address 0x0000000000001a38
                0x0000000020000e8c                _k_alert_list_start = .
 *(SORT(._k_alert.static.*))
                0x0000000020000e8c                _k_alert_list_end = .

_k_queue_area   0x0000000020000e8c        0x0 load address 0x0000000000001a38
                0x0000000020000e8c                _k_queue_list_start = .
 *(SORT(._k_queue.static.*))
                0x0000000020000e8c                _k_queue_list_end = .

_k_stack_area   0x0000000020000e8c        0x0 load address 0x0000000000001a38
                0x0000000020000e8c                _k_stack_list_start = .
 *(SORT(._k_stack.static.*))
                0x0000000020000e8c                _k_stack_list_end = .

_k_msgq_area    0x0000000020000e8c        0x0 load address 0x0000000000001a38
                0x0000000020000e8c                _k_msgq_list_start = .
 *(SORT(._k_msgq.static.*))
                0x0000000020000e8c                _k_msgq_list_end = .

_k_mbox_area    0x0000000020000e8c        0x0 load address 0x0000000000001a38
                0x0000000020000e8c                _k_mbox_list_start = .
 *(SORT(._k_mbox.static.*))
                0x0000000020000e8c                _k_mbox_list_end = .

_k_pipe_area    0x0000000020000e8c        0x0 load address 0x0000000000001a38
                0x0000000020000e8c                _k_pipe_list_start = .
 *(SORT(._k_pipe.static.*))
                0x0000000020000e8c                _k_pipe_list_end = .

_k_work_area    0x0000000020000e8c        0x0 load address 0x0000000000001a38
                0x0000000020000e8c                _k_work_list_start = .
 *(SORT(._k_work.static.*))
                0x0000000020000e8c                _k_work_list_end = .

_k_task_list    0x0000000020000e8c        0x0 load address 0x0000000000001a38
                0x0000000020000e8c                _k_task_list_start = .
 *(._k_task_list.public.*)
 *(._k_task_list.private.*)
                0x0000000020000e8c                _k_task_list_idle_start = .
 *(._k_task_list.idle.*)
 *(SORT(._k_task_list*))
                0x0000000020000e8c                _k_task_list_end = .

_k_event_list   0x0000000020000e8c        0x0 load address 0x0000000000001a38
                0x0000000020000e8c                _k_event_list_start = .
 *(._k_event_list.event.*)
 *(SORT(._k_event_list*))
                0x0000000020000e8c                _k_event_list_end = .

_k_memory_pool  0x0000000020000e8c        0x0 load address 0x0000000000001a38
 *(._k_memory_pool.struct*)
 *(SORT(._k_memory_pool.struct*))
                0x0000000020000e8c                _k_mem_pool_start = .
 *(._k_memory_pool.*)
 *(SORT(._k_memory_pool*))
                0x0000000020000e8c                _k_mem_pool_end = .

_net_buf_pool_area
                0x0000000020000e8c        0x0 load address 0x0000000000001a38
                0x0000000020000e8c                _net_buf_pool_list = .
 *(SORT(._net_buf_pool.static.*))

net_if          0x0000000020000e8c        0x0 load address 0x0000000000001a38
                0x0000000020000e8c                __net_if_start = .
 *(.net_if.*)
 *(SORT(.net_if.*))
                0x0000000020000e8c                __net_if_end = .

net_if_dev      0x0000000020000e8c        0x0 load address 0x0000000000001a38
                0x0000000020000e8c                __net_if_dev_start = .
 *(.net_if_dev.*)
 *(SORT(.net_if_dev.*))
                0x0000000020000e8c                __net_if_dev_end = .

net_l2_data     0x0000000020000e8c        0x0 load address 0x0000000000001a38
                0x0000000020000e8c                __net_l2_data_start = .
 *(.net_l2.data)
 *(SORT(.net_l2.data*))
                0x0000000020000e8c                __net_l2_data_end = .
                0x0000000020000e8c                __data_ram_end = .
                0x0000000020000e8c                _image_ram_end = .
                0x0000000020000e8c                _end = .
                0x0000000020010000                __kernel_ram_end = 0x20010000
                0x0000000000010000                __kernel_ram_size = (__kernel_ram_end - __kernel_ram_start)

/DISCARD/
 *(.irq_info)
 *(.intList)
OUTPUT(zephyr/zephyr.elf elf32-littlearm)

.debug_info     0x0000000000000000    0x157f2
 .debug_info    0x0000000000000000       0xe4 zephyr/CMakeFiles/kernel_elf.dir/isr_tables.c.obj
 .debug_info    0x00000000000000e4      0x543 libapp.a(string.c.obj)
 .debug_info    0x0000000000000627      0x62a libapp.a(main.c.obj)
 .debug_info    0x0000000000000c51      0x14b zephyr/libzephyr.a(isr_tables.c.obj)
 .debug_info    0x0000000000000d9c      0x6fe zephyr/libzephyr.a(soc.c.obj)
 .debug_info    0x000000000000149a      0x6fe zephyr/libzephyr.a(soc_config.c.obj)
 .debug_info    0x0000000000001b98      0x706 zephyr/libzephyr.a(thread_entry.c.obj)
 .debug_info    0x000000000000229e      0xe79 zephyr/libzephyr.a(printk.c.obj)
 .debug_info    0x0000000000003117       0x37 zephyr/libzephyr.a(configs.c.obj)
 .debug_info    0x000000000000314e      0x936 zephyr/libzephyr.a(uart_console.c.obj)
 .debug_info    0x0000000000003a84      0x6dc zephyr/libzephyr.a(sys_clock_init.c.obj)
 .debug_info    0x0000000000004160      0xd06 zephyr/libzephyr.a(cortex_m_systick.c.obj)
 .debug_info    0x0000000000004e66       0x94 zephyr/arch/arm/core/libarch__arm__core.a(exc_exit.S.obj)
 .debug_info    0x0000000000004efa      0x9dd zephyr/arch/arm/core/libarch__arm__core.a(irq_init.c.obj)
 .debug_info    0x00000000000058d7      0x9a8 zephyr/arch/arm/core/libarch__arm__core.a(swap.c.obj)
 .debug_info    0x000000000000627f       0x93 zephyr/arch/arm/core/libarch__arm__core.a(swap_helper.S.obj)
 .debug_info    0x0000000000006312     0x1037 zephyr/arch/arm/core/libarch__arm__core.a(fault.c.obj)
 .debug_info    0x0000000000007349      0xd50 zephyr/arch/arm/core/libarch__arm__core.a(irq_manage.c.obj)
 .debug_info    0x0000000000008099      0xa70 zephyr/arch/arm/core/libarch__arm__core.a(thread.c.obj)
 .debug_info    0x0000000000008b09       0x90 zephyr/arch/arm/core/libarch__arm__core.a(cpu_idle.S.obj)
 .debug_info    0x0000000000008b99       0x93 zephyr/arch/arm/core/libarch__arm__core.a(fault_s.S.obj)
 .debug_info    0x0000000000008c2c      0xa3e zephyr/arch/arm/core/libarch__arm__core.a(fatal.c.obj)
 .debug_info    0x000000000000966a      0x9b8 zephyr/arch/arm/core/libarch__arm__core.a(sys_fatal_error_handler.c.obj)
 .debug_info    0x000000000000a022      0xa78 zephyr/arch/arm/core/libarch__arm__core.a(thread_abort.c.obj)
 .debug_info    0x000000000000aa9a       0x97 zephyr/arch/arm/core/libarch__arm__core.a(isr_wrapper.S.obj)
 .debug_info    0x000000000000ab31       0x96 zephyr/arch/arm/core/cortex_m/libarch__arm__core__cortex_m.a(reset.S.obj)
 .debug_info    0x000000000000abc7       0xa1 zephyr/arch/arm/core/cortex_m/libarch__arm__core__cortex_m.a(nmi_on_reset.S.obj)
 .debug_info    0x000000000000ac68      0x995 zephyr/arch/arm/core/cortex_m/libarch__arm__core__cortex_m.a(prep_c.c.obj)
 .debug_info    0x000000000000b5fd      0x62b zephyr/arch/arm/core/cortex_m/libarch__arm__core__cortex_m.a(nmi.c.obj)
 .debug_info    0x000000000000bc28      0xd0a zephyr/drivers/serial/libdrivers__serial.a(uart_stellaris.c.obj)
 .debug_info    0x000000000000c932      0x827 zephyr/kernel/libkernel.a(device.c.obj)
 .debug_info    0x000000000000d159      0x7b4 zephyr/kernel/libkernel.a(errno.c.obj)
 .debug_info    0x000000000000d90d     0x134c zephyr/kernel/libkernel.a(init.c.obj)
 .debug_info    0x000000000000ec59     0x2b7c zephyr/kernel/libkernel.a(sched.c.obj)
 .debug_info    0x00000000000117d5     0x11e8 zephyr/kernel/libkernel.a(sys_clock.c.obj)
 .debug_info    0x00000000000129bd     0x1a80 zephyr/kernel/libkernel.a(thread.c.obj)
 .debug_info    0x000000000001443d      0x8e5 zephyr/kernel/libkernel.a(idle.c.obj)
 .debug_info    0x0000000000014d22      0xad0 zephyr/CMakeFiles/offsets.dir/arch/arm/core/offsets/offsets.c.obj

.debug_abbrev   0x0000000000000000     0x4d7a
 .debug_abbrev  0x0000000000000000       0xb7 zephyr/CMakeFiles/kernel_elf.dir/isr_tables.c.obj
 .debug_abbrev  0x00000000000000b7      0x19f libapp.a(string.c.obj)
 .debug_abbrev  0x0000000000000256      0x1a6 libapp.a(main.c.obj)
 .debug_abbrev  0x00000000000003fc       0xe2 zephyr/libzephyr.a(isr_tables.c.obj)
 .debug_abbrev  0x00000000000004de      0x1bd zephyr/libzephyr.a(soc.c.obj)
 .debug_abbrev  0x000000000000069b      0x1bd zephyr/libzephyr.a(soc_config.c.obj)
 .debug_abbrev  0x0000000000000858      0x217 zephyr/libzephyr.a(thread_entry.c.obj)
 .debug_abbrev  0x0000000000000a6f      0x410 zephyr/libzephyr.a(printk.c.obj)
 .debug_abbrev  0x0000000000000e7f       0x2c zephyr/libzephyr.a(configs.c.obj)
 .debug_abbrev  0x0000000000000eab      0x2d2 zephyr/libzephyr.a(uart_console.c.obj)
 .debug_abbrev  0x000000000000117d      0x192 zephyr/libzephyr.a(sys_clock_init.c.obj)
 .debug_abbrev  0x000000000000130f      0x323 zephyr/libzephyr.a(cortex_m_systick.c.obj)
 .debug_abbrev  0x0000000000001632       0x14 zephyr/arch/arm/core/libarch__arm__core.a(exc_exit.S.obj)
 .debug_abbrev  0x0000000000001646      0x22f zephyr/arch/arm/core/libarch__arm__core.a(irq_init.c.obj)
 .debug_abbrev  0x0000000000001875      0x1ee zephyr/arch/arm/core/libarch__arm__core.a(swap.c.obj)
 .debug_abbrev  0x0000000000001a63       0x12 zephyr/arch/arm/core/libarch__arm__core.a(swap_helper.S.obj)
 .debug_abbrev  0x0000000000001a75      0x3cb zephyr/arch/arm/core/libarch__arm__core.a(fault.c.obj)
 .debug_abbrev  0x0000000000001e40      0x2b7 zephyr/arch/arm/core/libarch__arm__core.a(irq_manage.c.obj)
 .debug_abbrev  0x00000000000020f7      0x266 zephyr/arch/arm/core/libarch__arm__core.a(thread.c.obj)
 .debug_abbrev  0x000000000000235d       0x12 zephyr/arch/arm/core/libarch__arm__core.a(cpu_idle.S.obj)
 .debug_abbrev  0x000000000000236f       0x14 zephyr/arch/arm/core/libarch__arm__core.a(fault_s.S.obj)
 .debug_abbrev  0x0000000000002383      0x28d zephyr/arch/arm/core/libarch__arm__core.a(fatal.c.obj)
 .debug_abbrev  0x0000000000002610      0x256 zephyr/arch/arm/core/libarch__arm__core.a(sys_fatal_error_handler.c.obj)
 .debug_abbrev  0x0000000000002866      0x25d zephyr/arch/arm/core/libarch__arm__core.a(thread_abort.c.obj)
 .debug_abbrev  0x0000000000002ac3       0x14 zephyr/arch/arm/core/libarch__arm__core.a(isr_wrapper.S.obj)
 .debug_abbrev  0x0000000000002ad7       0x12 zephyr/arch/arm/core/cortex_m/libarch__arm__core__cortex_m.a(reset.S.obj)
 .debug_abbrev  0x0000000000002ae9       0x14 zephyr/arch/arm/core/cortex_m/libarch__arm__core__cortex_m.a(nmi_on_reset.S.obj)
 .debug_abbrev  0x0000000000002afd      0x1fa zephyr/arch/arm/core/cortex_m/libarch__arm__core__cortex_m.a(prep_c.c.obj)
 .debug_abbrev  0x0000000000002cf7      0x1a5 zephyr/arch/arm/core/cortex_m/libarch__arm__core__cortex_m.a(nmi.c.obj)
 .debug_abbrev  0x0000000000002e9c      0x2fd zephyr/drivers/serial/libdrivers__serial.a(uart_stellaris.c.obj)
 .debug_abbrev  0x0000000000003199      0x285 zephyr/kernel/libkernel.a(device.c.obj)
 .debug_abbrev  0x000000000000341e      0x1ab zephyr/kernel/libkernel.a(errno.c.obj)
 .debug_abbrev  0x00000000000035c9      0x441 zephyr/kernel/libkernel.a(init.c.obj)
 .debug_abbrev  0x0000000000003a0a      0x5d1 zephyr/kernel/libkernel.a(sched.c.obj)
 .debug_abbrev  0x0000000000003fdb      0x3ff zephyr/kernel/libkernel.a(sys_clock.c.obj)
 .debug_abbrev  0x00000000000043da      0x569 zephyr/kernel/libkernel.a(thread.c.obj)
 .debug_abbrev  0x0000000000004943      0x287 zephyr/kernel/libkernel.a(idle.c.obj)
 .debug_abbrev  0x0000000000004bca      0x1b0 zephyr/CMakeFiles/offsets.dir/arch/arm/core/offsets/offsets.c.obj

.debug_aranges  0x0000000000000000      0x878
 .debug_aranges
                0x0000000000000000       0x18 zephyr/CMakeFiles/kernel_elf.dir/isr_tables.c.obj
 .debug_aranges
                0x0000000000000018       0x88 libapp.a(string.c.obj)
 .debug_aranges
                0x00000000000000a0       0x20 libapp.a(main.c.obj)
 .debug_aranges
                0x00000000000000c0       0x20 zephyr/libzephyr.a(isr_tables.c.obj)
 .debug_aranges
                0x00000000000000e0       0x20 zephyr/libzephyr.a(soc.c.obj)
 .debug_aranges
                0x0000000000000100       0x20 zephyr/libzephyr.a(soc_config.c.obj)
 .debug_aranges
                0x0000000000000120       0x20 zephyr/libzephyr.a(thread_entry.c.obj)
 .debug_aranges
                0x0000000000000140       0x78 zephyr/libzephyr.a(printk.c.obj)
 .debug_aranges
                0x00000000000001b8       0x20 zephyr/libzephyr.a(configs.c.obj)
 .debug_aranges
                0x00000000000001d8       0x30 zephyr/libzephyr.a(uart_console.c.obj)
 .debug_aranges
                0x0000000000000208       0x18 zephyr/libzephyr.a(sys_clock_init.c.obj)
 .debug_aranges
                0x0000000000000220       0x30 zephyr/libzephyr.a(cortex_m_systick.c.obj)
 .debug_aranges
                0x0000000000000250       0x20 zephyr/arch/arm/core/libarch__arm__core.a(exc_exit.S.obj)
 .debug_aranges
                0x0000000000000270       0x20 zephyr/arch/arm/core/libarch__arm__core.a(irq_init.c.obj)
 .debug_aranges
                0x0000000000000290       0x20 zephyr/arch/arm/core/libarch__arm__core.a(swap.c.obj)
 .debug_aranges
                0x00000000000002b0       0x28 zephyr/arch/arm/core/libarch__arm__core.a(swap_helper.S.obj)
 .debug_aranges
                0x00000000000002d8       0x48 zephyr/arch/arm/core/libarch__arm__core.a(fault.c.obj)
 .debug_aranges
                0x0000000000000320       0x40 zephyr/arch/arm/core/libarch__arm__core.a(irq_manage.c.obj)
 .debug_aranges
                0x0000000000000360       0x20 zephyr/arch/arm/core/libarch__arm__core.a(thread.c.obj)
 .debug_aranges
                0x0000000000000380       0x30 zephyr/arch/arm/core/libarch__arm__core.a(cpu_idle.S.obj)
 .debug_aranges
                0x00000000000003b0       0x20 zephyr/arch/arm/core/libarch__arm__core.a(fault_s.S.obj)
 .debug_aranges
                0x00000000000003d0       0x30 zephyr/arch/arm/core/libarch__arm__core.a(fatal.c.obj)
 .debug_aranges
                0x0000000000000400       0x20 zephyr/arch/arm/core/libarch__arm__core.a(sys_fatal_error_handler.c.obj)
 .debug_aranges
                0x0000000000000420       0x20 zephyr/arch/arm/core/libarch__arm__core.a(thread_abort.c.obj)
 .debug_aranges
                0x0000000000000440       0x20 zephyr/arch/arm/core/libarch__arm__core.a(isr_wrapper.S.obj)
 .debug_aranges
                0x0000000000000460       0x30 zephyr/arch/arm/core/cortex_m/libarch__arm__core__cortex_m.a(reset.S.obj)
 .debug_aranges
                0x0000000000000490       0x20 zephyr/arch/arm/core/cortex_m/libarch__arm__core__cortex_m.a(nmi_on_reset.S.obj)
 .debug_aranges
                0x00000000000004b0       0x20 zephyr/arch/arm/core/cortex_m/libarch__arm__core__cortex_m.a(prep_c.c.obj)
 .debug_aranges
                0x00000000000004d0       0x20 zephyr/arch/arm/core/cortex_m/libarch__arm__core__cortex_m.a(nmi.c.obj)
 .debug_aranges
                0x00000000000004f0       0x30 zephyr/drivers/serial/libdrivers__serial.a(uart_stellaris.c.obj)
 .debug_aranges
                0x0000000000000520       0x30 zephyr/kernel/libkernel.a(device.c.obj)
 .debug_aranges
                0x0000000000000550       0x20 zephyr/kernel/libkernel.a(errno.c.obj)
 .debug_aranges
                0x0000000000000570       0x50 zephyr/kernel/libkernel.a(init.c.obj)
 .debug_aranges
                0x00000000000005c0      0x158 zephyr/kernel/libkernel.a(sched.c.obj)
 .debug_aranges
                0x0000000000000718       0x50 zephyr/kernel/libkernel.a(sys_clock.c.obj)
 .debug_aranges
                0x0000000000000768       0xc8 zephyr/kernel/libkernel.a(thread.c.obj)
 .debug_aranges
                0x0000000000000830       0x28 zephyr/kernel/libkernel.a(idle.c.obj)
 .debug_aranges
                0x0000000000000858       0x20 zephyr/CMakeFiles/offsets.dir/arch/arm/core/offsets/offsets.c.obj

.debug_line     0x0000000000000000     0x6061
 .debug_line    0x0000000000000000       0x7a zephyr/CMakeFiles/kernel_elf.dir/isr_tables.c.obj
 .debug_line    0x000000000000007a      0x25d libapp.a(string.c.obj)
 .debug_line    0x00000000000002d7      0x1e4 libapp.a(main.c.obj)
 .debug_line    0x00000000000004bb       0xab zephyr/libzephyr.a(isr_tables.c.obj)
 .debug_line    0x0000000000000566      0x1c5 zephyr/libzephyr.a(soc.c.obj)
 .debug_line    0x000000000000072b      0x1d5 zephyr/libzephyr.a(soc_config.c.obj)
 .debug_line    0x0000000000000900      0x1e0 zephyr/libzephyr.a(thread_entry.c.obj)
 .debug_line    0x0000000000000ae0      0x3ab zephyr/libzephyr.a(printk.c.obj)
 .debug_line    0x0000000000000e8b       0xb3 zephyr/libzephyr.a(configs.c.obj)
 .debug_line    0x0000000000000f3e      0x244 zephyr/libzephyr.a(uart_console.c.obj)
 .debug_line    0x0000000000001182      0x1e0 zephyr/libzephyr.a(sys_clock_init.c.obj)
 .debug_line    0x0000000000001362      0x36b zephyr/libzephyr.a(cortex_m_systick.c.obj)
 .debug_line    0x00000000000016cd       0x78 zephyr/arch/arm/core/libarch__arm__core.a(exc_exit.S.obj)
 .debug_line    0x0000000000001745      0x274 zephyr/arch/arm/core/libarch__arm__core.a(irq_init.c.obj)
 .debug_line    0x00000000000019b9      0x2d2 zephyr/arch/arm/core/libarch__arm__core.a(swap.c.obj)
 .debug_line    0x0000000000001c8b       0xaf zephyr/arch/arm/core/libarch__arm__core.a(swap_helper.S.obj)
 .debug_line    0x0000000000001d3a      0x3ea zephyr/arch/arm/core/libarch__arm__core.a(fault.c.obj)
 .debug_line    0x0000000000002124      0x392 zephyr/arch/arm/core/libarch__arm__core.a(irq_manage.c.obj)
 .debug_line    0x00000000000024b6      0x316 zephyr/arch/arm/core/libarch__arm__core.a(thread.c.obj)
 .debug_line    0x00000000000027cc       0x93 zephyr/arch/arm/core/libarch__arm__core.a(cpu_idle.S.obj)
 .debug_line    0x000000000000285f       0x73 zephyr/arch/arm/core/libarch__arm__core.a(fault_s.S.obj)
 .debug_line    0x00000000000028d2      0x339 zephyr/arch/arm/core/libarch__arm__core.a(fatal.c.obj)
 .debug_line    0x0000000000002c0b      0x328 zephyr/arch/arm/core/libarch__arm__core.a(sys_fatal_error_handler.c.obj)
 .debug_line    0x0000000000002f33      0x323 zephyr/arch/arm/core/libarch__arm__core.a(thread_abort.c.obj)
 .debug_line    0x0000000000003256       0x77 zephyr/arch/arm/core/libarch__arm__core.a(isr_wrapper.S.obj)
 .debug_line    0x00000000000032cd       0xb8 zephyr/arch/arm/core/cortex_m/libarch__arm__core__cortex_m.a(reset.S.obj)
 .debug_line    0x0000000000003385       0x72 zephyr/arch/arm/core/cortex_m/libarch__arm__core__cortex_m.a(nmi_on_reset.S.obj)
 .debug_line    0x00000000000033f7      0x29b zephyr/arch/arm/core/cortex_m/libarch__arm__core__cortex_m.a(prep_c.c.obj)
 .debug_line    0x0000000000003692      0x1e6 zephyr/arch/arm/core/cortex_m/libarch__arm__core__cortex_m.a(nmi.c.obj)
 .debug_line    0x0000000000003878      0x231 zephyr/drivers/serial/libdrivers__serial.a(uart_stellaris.c.obj)
 .debug_line    0x0000000000003aa9      0x232 zephyr/kernel/libkernel.a(device.c.obj)
 .debug_line    0x0000000000003cdb      0x281 zephyr/kernel/libkernel.a(errno.c.obj)
 .debug_line    0x0000000000003f5c      0x46b zephyr/kernel/libkernel.a(init.c.obj)
 .debug_line    0x00000000000043c7      0xa44 zephyr/kernel/libkernel.a(sched.c.obj)
 .debug_line    0x0000000000004e0b      0x51a zephyr/kernel/libkernel.a(sys_clock.c.obj)
 .debug_line    0x0000000000005325      0x720 zephyr/kernel/libkernel.a(thread.c.obj)
 .debug_line    0x0000000000005a45      0x313 zephyr/kernel/libkernel.a(idle.c.obj)
 .debug_line    0x0000000000005d58      0x309 zephyr/CMakeFiles/offsets.dir/arch/arm/core/offsets/offsets.c.obj

.debug_str      0x0000000000000000     0x36a6
 .debug_str     0x0000000000000000      0x1c3 zephyr/CMakeFiles/kernel_elf.dir/isr_tables.c.obj
                                        0x1dc (size before relaxing)
 .debug_str     0x00000000000001c3       0xec libapp.a(string.c.obj)
                                        0x1f9 (size before relaxing)
 .debug_str     0x00000000000002af      0x259 libapp.a(main.c.obj)
                                        0x4ce (size before relaxing)
 .debug_str     0x0000000000000508       0x89 zephyr/libzephyr.a(isr_tables.c.obj)
                                        0x251 (size before relaxing)
 .debug_str     0x0000000000000591      0x11a zephyr/libzephyr.a(soc.c.obj)
                                        0x5f3 (size before relaxing)
 .debug_str     0x00000000000006ab       0xa4 zephyr/libzephyr.a(soc_config.c.obj)
                                        0x603 (size before relaxing)
 .debug_str     0x000000000000074f       0x7f zephyr/libzephyr.a(thread_entry.c.obj)
                                        0x556 (size before relaxing)
 .debug_str     0x00000000000007ce      0x285 zephyr/libzephyr.a(printk.c.obj)
                                        0x7b8 (size before relaxing)
 .debug_str     0x0000000000000a53       0x2f zephyr/libzephyr.a(configs.c.obj)
                                        0x14e (size before relaxing)
 .debug_str     0x0000000000000a82      0x118 zephyr/libzephyr.a(uart_console.c.obj)
                                        0x6ac (size before relaxing)
 .debug_str     0x0000000000000b9a       0xa7 zephyr/libzephyr.a(sys_clock_init.c.obj)
                                        0x606 (size before relaxing)
 .debug_str     0x0000000000000c41      0x2ee zephyr/libzephyr.a(cortex_m_systick.c.obj)
                                        0x8aa (size before relaxing)
 .debug_str     0x0000000000000f2f       0x41 zephyr/arch/arm/core/libarch__arm__core.a(irq_init.c.obj)
                                        0x6f8 (size before relaxing)
 .debug_str     0x0000000000000f70       0x57 zephyr/arch/arm/core/libarch__arm__core.a(swap.c.obj)
                                        0x689 (size before relaxing)
 .debug_str     0x0000000000000fc7      0x107 zephyr/arch/arm/core/libarch__arm__core.a(fault.c.obj)
                                        0x76a (size before relaxing)
 .debug_str     0x00000000000010ce      0x126 zephyr/arch/arm/core/libarch__arm__core.a(irq_manage.c.obj)
                                        0x899 (size before relaxing)
 .debug_str     0x00000000000011f4       0xd2 zephyr/arch/arm/core/libarch__arm__core.a(thread.c.obj)
                                        0x6ec (size before relaxing)
 .debug_str     0x00000000000012c6       0x8f zephyr/arch/arm/core/libarch__arm__core.a(fatal.c.obj)
                                        0x6bb (size before relaxing)
 .debug_str     0x0000000000001355       0x7c zephyr/arch/arm/core/libarch__arm__core.a(sys_fatal_error_handler.c.obj)
                                        0x6a8 (size before relaxing)
 .debug_str     0x00000000000013d1       0x90 zephyr/arch/arm/core/libarch__arm__core.a(thread_abort.c.obj)
                                        0x6fe (size before relaxing)
 .debug_str     0x0000000000001461      0x1c5 zephyr/arch/arm/core/cortex_m/libarch__arm__core__cortex_m.a(prep_c.c.obj)
                                        0x770 (size before relaxing)
 .debug_str     0x0000000000001626       0x4e zephyr/arch/arm/core/cortex_m/libarch__arm__core__cortex_m.a(nmi.c.obj)
                                        0x50b (size before relaxing)
 .debug_str     0x0000000000001674      0x30f zephyr/drivers/serial/libdrivers__serial.a(uart_stellaris.c.obj)
                                        0x8c1 (size before relaxing)
 .debug_str     0x0000000000001983      0x124 zephyr/kernel/libkernel.a(device.c.obj)
                                        0x6a8 (size before relaxing)
 .debug_str     0x0000000000001aa7       0x33 zephyr/kernel/libkernel.a(errno.c.obj)
                                        0x604 (size before relaxing)
 .debug_str     0x0000000000001ada      0x24c zephyr/kernel/libkernel.a(init.c.obj)
                                        0xbf1 (size before relaxing)
 .debug_str     0x0000000000001d26      0x6d0 zephyr/kernel/libkernel.a(sched.c.obj)
                                        0xe55 (size before relaxing)
 .debug_str     0x00000000000023f6      0x13c zephyr/kernel/libkernel.a(sys_clock.c.obj)
                                        0x94f (size before relaxing)
 .debug_str     0x0000000000002532      0x30c zephyr/kernel/libkernel.a(thread.c.obj)
                                        0xd2f (size before relaxing)
 .debug_str     0x000000000000283e       0x71 zephyr/kernel/libkernel.a(idle.c.obj)
                                        0x6b5 (size before relaxing)
 .debug_str     0x00000000000028af      0xdf7 zephyr/CMakeFiles/offsets.dir/arch/arm/core/offsets/offsets.c.obj
                                       0x13ba (size before relaxing)

.comment        0x0000000000000000       0x11
 .comment       0x0000000000000000       0x11 zephyr/CMakeFiles/kernel_elf.dir/isr_tables.c.obj
                                         0x12 (size before relaxing)
 .comment       0x0000000000000011       0x12 libapp.a(string.c.obj)
 .comment       0x0000000000000011       0x12 libapp.a(main.c.obj)
 .comment       0x0000000000000011       0x12 zephyr/libzephyr.a(isr_tables.c.obj)
 .comment       0x0000000000000011       0x12 zephyr/libzephyr.a(soc.c.obj)
 .comment       0x0000000000000011       0x12 zephyr/libzephyr.a(soc_config.c.obj)
 .comment       0x0000000000000011       0x12 zephyr/libzephyr.a(thread_entry.c.obj)
 .comment       0x0000000000000011       0x12 zephyr/libzephyr.a(printk.c.obj)
 .comment       0x0000000000000011       0x12 zephyr/libzephyr.a(configs.c.obj)
 .comment       0x0000000000000011       0x12 zephyr/libzephyr.a(uart_console.c.obj)
 .comment       0x0000000000000011       0x12 zephyr/libzephyr.a(sys_clock_init.c.obj)
 .comment       0x0000000000000011       0x12 zephyr/libzephyr.a(cortex_m_systick.c.obj)
 .comment       0x0000000000000011       0x12 zephyr/arch/arm/core/libarch__arm__core.a(irq_init.c.obj)
 .comment       0x0000000000000011       0x12 zephyr/arch/arm/core/libarch__arm__core.a(swap.c.obj)
 .comment       0x0000000000000011       0x12 zephyr/arch/arm/core/libarch__arm__core.a(fault.c.obj)
 .comment       0x0000000000000011       0x12 zephyr/arch/arm/core/libarch__arm__core.a(irq_manage.c.obj)
 .comment       0x0000000000000011       0x12 zephyr/arch/arm/core/libarch__arm__core.a(thread.c.obj)
 .comment       0x0000000000000011       0x12 zephyr/arch/arm/core/libarch__arm__core.a(fatal.c.obj)
 .comment       0x0000000000000011       0x12 zephyr/arch/arm/core/libarch__arm__core.a(sys_fatal_error_handler.c.obj)
 .comment       0x0000000000000011       0x12 zephyr/arch/arm/core/libarch__arm__core.a(thread_abort.c.obj)
 .comment       0x0000000000000011       0x12 zephyr/arch/arm/core/cortex_m/libarch__arm__core__cortex_m.a(prep_c.c.obj)
 .comment       0x0000000000000011       0x12 zephyr/arch/arm/core/cortex_m/libarch__arm__core__cortex_m.a(nmi.c.obj)
 .comment       0x0000000000000011       0x12 zephyr/drivers/serial/libdrivers__serial.a(uart_stellaris.c.obj)
 .comment       0x0000000000000011       0x12 zephyr/kernel/libkernel.a(device.c.obj)
 .comment       0x0000000000000011       0x12 zephyr/kernel/libkernel.a(errno.c.obj)
 .comment       0x0000000000000011       0x12 zephyr/kernel/libkernel.a(init.c.obj)
 .comment       0x0000000000000011       0x12 zephyr/kernel/libkernel.a(sched.c.obj)
 .comment       0x0000000000000011       0x12 zephyr/kernel/libkernel.a(sys_clock.c.obj)
 .comment       0x0000000000000011       0x12 zephyr/kernel/libkernel.a(thread.c.obj)
 .comment       0x0000000000000011       0x12 zephyr/kernel/libkernel.a(idle.c.obj)
 .comment       0x0000000000000011       0x12 zephyr/CMakeFiles/offsets.dir/arch/arm/core/offsets/offsets.c.obj

.ARM.attributes
                0x0000000000000000       0x31
 .ARM.attributes
                0x0000000000000000       0x33 zephyr/CMakeFiles/kernel_elf.dir/isr_tables.c.obj
 .ARM.attributes
                0x0000000000000033       0x33 libapp.a(string.c.obj)
 .ARM.attributes
                0x0000000000000066       0x33 libapp.a(main.c.obj)
 .ARM.attributes
                0x0000000000000099       0x33 zephyr/libzephyr.a(isr_tables.c.obj)
 .ARM.attributes
                0x00000000000000cc       0x33 zephyr/libzephyr.a(soc.c.obj)
 .ARM.attributes
                0x00000000000000ff       0x33 zephyr/libzephyr.a(soc_config.c.obj)
 .ARM.attributes
                0x0000000000000132       0x33 zephyr/libzephyr.a(thread_entry.c.obj)
 .ARM.attributes
                0x0000000000000165       0x33 zephyr/libzephyr.a(printk.c.obj)
 .ARM.attributes
                0x0000000000000198       0x33 zephyr/libzephyr.a(configs.c.obj)
 .ARM.attributes
                0x00000000000001cb       0x33 zephyr/libzephyr.a(uart_console.c.obj)
 .ARM.attributes
                0x00000000000001fe       0x33 zephyr/libzephyr.a(sys_clock_init.c.obj)
 .ARM.attributes
                0x0000000000000231       0x33 zephyr/libzephyr.a(cortex_m_systick.c.obj)
 .ARM.attributes
                0x0000000000000264       0x21 zephyr/arch/arm/core/libarch__arm__core.a(exc_exit.S.obj)
 .ARM.attributes
                0x0000000000000285       0x33 zephyr/arch/arm/core/libarch__arm__core.a(irq_init.c.obj)
 .ARM.attributes
                0x00000000000002b8       0x33 zephyr/arch/arm/core/libarch__arm__core.a(swap.c.obj)
 .ARM.attributes
                0x00000000000002eb       0x21 zephyr/arch/arm/core/libarch__arm__core.a(swap_helper.S.obj)
 .ARM.attributes
                0x000000000000030c       0x33 zephyr/arch/arm/core/libarch__arm__core.a(fault.c.obj)
 .ARM.attributes
                0x000000000000033f       0x33 zephyr/arch/arm/core/libarch__arm__core.a(irq_manage.c.obj)
 .ARM.attributes
                0x0000000000000372       0x33 zephyr/arch/arm/core/libarch__arm__core.a(thread.c.obj)
 .ARM.attributes
                0x00000000000003a5       0x21 zephyr/arch/arm/core/libarch__arm__core.a(cpu_idle.S.obj)
 .ARM.attributes
                0x00000000000003c6       0x21 zephyr/arch/arm/core/libarch__arm__core.a(fault_s.S.obj)
 .ARM.attributes
                0x00000000000003e7       0x33 zephyr/arch/arm/core/libarch__arm__core.a(fatal.c.obj)
 .ARM.attributes
                0x000000000000041a       0x33 zephyr/arch/arm/core/libarch__arm__core.a(sys_fatal_error_handler.c.obj)
 .ARM.attributes
                0x000000000000044d       0x33 zephyr/arch/arm/core/libarch__arm__core.a(thread_abort.c.obj)
 .ARM.attributes
                0x0000000000000480       0x21 zephyr/arch/arm/core/libarch__arm__core.a(isr_wrapper.S.obj)
 .ARM.attributes
                0x00000000000004a1       0x21 zephyr/arch/arm/core/cortex_m/libarch__arm__core__cortex_m.a(vector_table.S.obj)
 .ARM.attributes
                0x00000000000004c2       0x21 zephyr/arch/arm/core/cortex_m/libarch__arm__core__cortex_m.a(reset.S.obj)
 .ARM.attributes
                0x00000000000004e3       0x21 zephyr/arch/arm/core/cortex_m/libarch__arm__core__cortex_m.a(nmi_on_reset.S.obj)
 .ARM.attributes
                0x0000000000000504       0x33 zephyr/arch/arm/core/cortex_m/libarch__arm__core__cortex_m.a(prep_c.c.obj)
 .ARM.attributes
                0x0000000000000537       0x33 zephyr/arch/arm/core/cortex_m/libarch__arm__core__cortex_m.a(nmi.c.obj)
 .ARM.attributes
                0x000000000000056a       0x33 zephyr/drivers/serial/libdrivers__serial.a(uart_stellaris.c.obj)
 .ARM.attributes
                0x000000000000059d       0x33 zephyr/kernel/libkernel.a(device.c.obj)
 .ARM.attributes
                0x00000000000005d0       0x33 zephyr/kernel/libkernel.a(errno.c.obj)
 .ARM.attributes
                0x0000000000000603       0x33 zephyr/kernel/libkernel.a(init.c.obj)
 .ARM.attributes
                0x0000000000000636       0x33 zephyr/kernel/libkernel.a(sched.c.obj)
 .ARM.attributes
                0x0000000000000669       0x33 zephyr/kernel/libkernel.a(sys_clock.c.obj)
 .ARM.attributes
                0x000000000000069c       0x33 zephyr/kernel/libkernel.a(thread.c.obj)
 .ARM.attributes
                0x00000000000006cf       0x33 zephyr/kernel/libkernel.a(idle.c.obj)
 .ARM.attributes
                0x0000000000000702       0x33 zephyr/CMakeFiles/offsets.dir/arch/arm/core/offsets/offsets.c.obj

.debug_loc      0x0000000000000000     0x4a02
 .debug_loc     0x0000000000000000      0x871 libapp.a(string.c.obj)
 .debug_loc     0x0000000000000871       0x21 zephyr/libzephyr.a(soc.c.obj)
 .debug_loc     0x0000000000000892       0x21 zephyr/libzephyr.a(soc_config.c.obj)
 .debug_loc     0x00000000000008b3       0x97 zephyr/libzephyr.a(thread_entry.c.obj)
 .debug_loc     0x000000000000094a      0xaea zephyr/libzephyr.a(printk.c.obj)
 .debug_loc     0x0000000000001434       0xbf zephyr/libzephyr.a(uart_console.c.obj)
 .debug_loc     0x00000000000014f3       0xb5 zephyr/libzephyr.a(cortex_m_systick.c.obj)
 .debug_loc     0x00000000000015a8       0x5e zephyr/arch/arm/core/libarch__arm__core.a(irq_init.c.obj)
 .debug_loc     0x0000000000001606       0x35 zephyr/arch/arm/core/libarch__arm__core.a(swap.c.obj)
 .debug_loc     0x000000000000163b      0x3a1 zephyr/arch/arm/core/libarch__arm__core.a(fault.c.obj)
 .debug_loc     0x00000000000019dc      0x164 zephyr/arch/arm/core/libarch__arm__core.a(irq_manage.c.obj)
 .debug_loc     0x0000000000001b40      0x209 zephyr/arch/arm/core/libarch__arm__core.a(thread.c.obj)
 .debug_loc     0x0000000000001d49      0x12e zephyr/arch/arm/core/libarch__arm__core.a(fatal.c.obj)
 .debug_loc     0x0000000000001e77       0x42 zephyr/arch/arm/core/libarch__arm__core.a(sys_fatal_error_handler.c.obj)
 .debug_loc     0x0000000000001eb9       0x3f zephyr/arch/arm/core/libarch__arm__core.a(thread_abort.c.obj)
 .debug_loc     0x0000000000001ef8      0x22a zephyr/drivers/serial/libdrivers__serial.a(uart_stellaris.c.obj)
 .debug_loc     0x0000000000002122       0xf5 zephyr/kernel/libkernel.a(device.c.obj)
 .debug_loc     0x0000000000002217      0x295 zephyr/kernel/libkernel.a(init.c.obj)
 .debug_loc     0x00000000000024ac     0x1595 zephyr/kernel/libkernel.a(sched.c.obj)
 .debug_loc     0x0000000000003a41      0x4be zephyr/kernel/libkernel.a(sys_clock.c.obj)
 .debug_loc     0x0000000000003eff      0xaa0 zephyr/kernel/libkernel.a(thread.c.obj)
 .debug_loc     0x000000000000499f       0x63 zephyr/kernel/libkernel.a(idle.c.obj)

.debug_ranges   0x0000000000000000      0xe08
 .debug_ranges  0x0000000000000000       0x90 libapp.a(string.c.obj)
 .debug_ranges  0x0000000000000090       0x10 libapp.a(main.c.obj)
 .debug_ranges  0x00000000000000a0       0x10 zephyr/libzephyr.a(isr_tables.c.obj)
 .debug_ranges  0x00000000000000b0       0x10 zephyr/libzephyr.a(soc.c.obj)
 .debug_ranges  0x00000000000000c0       0x10 zephyr/libzephyr.a(soc_config.c.obj)
 .debug_ranges  0x00000000000000d0       0x10 zephyr/libzephyr.a(thread_entry.c.obj)
 .debug_ranges  0x00000000000000e0       0xf8 zephyr/libzephyr.a(printk.c.obj)
 .debug_ranges  0x00000000000001d8       0x10 zephyr/libzephyr.a(configs.c.obj)
 .debug_ranges  0x00000000000001e8       0x20 zephyr/libzephyr.a(uart_console.c.obj)
 .debug_ranges  0x0000000000000208       0x68 zephyr/libzephyr.a(cortex_m_systick.c.obj)
 .debug_ranges  0x0000000000000270       0x28 zephyr/arch/arm/core/libarch__arm__core.a(irq_init.c.obj)
 .debug_ranges  0x0000000000000298       0x10 zephyr/arch/arm/core/libarch__arm__core.a(swap.c.obj)
 .debug_ranges  0x00000000000002a8       0x20 zephyr/arch/arm/core/libarch__arm__core.a(swap_helper.S.obj)
 .debug_ranges  0x00000000000002c8       0x98 zephyr/arch/arm/core/libarch__arm__core.a(fault.c.obj)
 .debug_ranges  0x0000000000000360       0x48 zephyr/arch/arm/core/libarch__arm__core.a(irq_manage.c.obj)
 .debug_ranges  0x00000000000003a8       0x30 zephyr/arch/arm/core/libarch__arm__core.a(thread.c.obj)
 .debug_ranges  0x00000000000003d8       0x28 zephyr/arch/arm/core/libarch__arm__core.a(cpu_idle.S.obj)
 .debug_ranges  0x0000000000000400       0x20 zephyr/arch/arm/core/libarch__arm__core.a(fatal.c.obj)
 .debug_ranges  0x0000000000000420       0x28 zephyr/arch/arm/core/libarch__arm__core.a(sys_fatal_error_handler.c.obj)
 .debug_ranges  0x0000000000000448       0x10 zephyr/arch/arm/core/libarch__arm__core.a(thread_abort.c.obj)
 .debug_ranges  0x0000000000000458       0x28 zephyr/arch/arm/core/cortex_m/libarch__arm__core__cortex_m.a(reset.S.obj)
 .debug_ranges  0x0000000000000480       0x10 zephyr/arch/arm/core/cortex_m/libarch__arm__core__cortex_m.a(prep_c.c.obj)
 .debug_ranges  0x0000000000000490       0x10 zephyr/arch/arm/core/cortex_m/libarch__arm__core__cortex_m.a(nmi.c.obj)
 .debug_ranges  0x00000000000004a0       0x38 zephyr/drivers/serial/libdrivers__serial.a(uart_stellaris.c.obj)
 .debug_ranges  0x00000000000004d8       0x20 zephyr/kernel/libkernel.a(device.c.obj)
 .debug_ranges  0x00000000000004f8       0x10 zephyr/kernel/libkernel.a(errno.c.obj)
 .debug_ranges  0x0000000000000508      0x1c0 zephyr/kernel/libkernel.a(init.c.obj)
 .debug_ranges  0x00000000000006c8      0x310 zephyr/kernel/libkernel.a(sched.c.obj)
 .debug_ranges  0x00000000000009d8      0x1d0 zephyr/kernel/libkernel.a(sys_clock.c.obj)
 .debug_ranges  0x0000000000000ba8      0x238 zephyr/kernel/libkernel.a(thread.c.obj)
 .debug_ranges  0x0000000000000de0       0x18 zephyr/kernel/libkernel.a(idle.c.obj)
 .debug_ranges  0x0000000000000df8       0x10 zephyr/CMakeFiles/offsets.dir/arch/arm/core/offsets/offsets.c.obj

.debug_frame    0x0000000000000000      0xf6c
 .debug_frame   0x0000000000000000      0x154 libapp.a(string.c.obj)
 .debug_frame   0x0000000000000154       0x20 libapp.a(main.c.obj)
 .debug_frame   0x0000000000000174       0x20 zephyr/libzephyr.a(isr_tables.c.obj)
 .debug_frame   0x0000000000000194       0x20 zephyr/libzephyr.a(soc.c.obj)
 .debug_frame   0x00000000000001b4       0x20 zephyr/libzephyr.a(soc_config.c.obj)
 .debug_frame   0x00000000000001d4       0x28 zephyr/libzephyr.a(thread_entry.c.obj)
 .debug_frame   0x00000000000001fc      0x188 zephyr/libzephyr.a(printk.c.obj)
 .debug_frame   0x0000000000000384       0x20 zephyr/libzephyr.a(configs.c.obj)
 .debug_frame   0x00000000000003a4       0x54 zephyr/libzephyr.a(uart_console.c.obj)
 .debug_frame   0x00000000000003f8       0x58 zephyr/libzephyr.a(cortex_m_systick.c.obj)
 .debug_frame   0x0000000000000450       0x20 zephyr/arch/arm/core/libarch__arm__core.a(irq_init.c.obj)
 .debug_frame   0x0000000000000470       0x20 zephyr/arch/arm/core/libarch__arm__core.a(swap.c.obj)
 .debug_frame   0x0000000000000490       0xc0 zephyr/arch/arm/core/libarch__arm__core.a(fault.c.obj)
 .debug_frame   0x0000000000000550       0x60 zephyr/arch/arm/core/libarch__arm__core.a(irq_manage.c.obj)
 .debug_frame   0x00000000000005b0       0x30 zephyr/arch/arm/core/libarch__arm__core.a(thread.c.obj)
 .debug_frame   0x00000000000005e0       0x60 zephyr/arch/arm/core/libarch__arm__core.a(fatal.c.obj)
 .debug_frame   0x0000000000000640       0x2c zephyr/arch/arm/core/libarch__arm__core.a(sys_fatal_error_handler.c.obj)
 .debug_frame   0x000000000000066c       0x34 zephyr/arch/arm/core/libarch__arm__core.a(thread_abort.c.obj)
 .debug_frame   0x00000000000006a0       0x28 zephyr/arch/arm/core/cortex_m/libarch__arm__core__cortex_m.a(prep_c.c.obj)
 .debug_frame   0x00000000000006c8       0x2c zephyr/arch/arm/core/cortex_m/libarch__arm__core__cortex_m.a(nmi.c.obj)
 .debug_frame   0x00000000000006f4       0x4c zephyr/drivers/serial/libdrivers__serial.a(uart_stellaris.c.obj)
 .debug_frame   0x0000000000000740       0x68 zephyr/kernel/libkernel.a(device.c.obj)
 .debug_frame   0x00000000000007a8       0x20 zephyr/kernel/libkernel.a(errno.c.obj)
 .debug_frame   0x00000000000007c8       0x98 zephyr/kernel/libkernel.a(init.c.obj)
 .debug_frame   0x0000000000000860      0x3c4 zephyr/kernel/libkernel.a(sched.c.obj)
 .debug_frame   0x0000000000000c24       0xb8 zephyr/kernel/libkernel.a(sys_clock.c.obj)
 .debug_frame   0x0000000000000cdc      0x238 zephyr/kernel/libkernel.a(thread.c.obj)
 .debug_frame   0x0000000000000f14       0x38 zephyr/kernel/libkernel.a(idle.c.obj)
 .debug_frame   0x0000000000000f4c       0x20 zephyr/CMakeFiles/offsets.dir/arch/arm/core/offsets/offsets.c.obj
